/*********************************************************************************
 *      Copyright:  (C) 2017 KEWELL
 *
 *       Filename:  LOG-3531.TXT
 *    Description:  This file 
 *                 
 *        Version:  1.0.0(01/09/2017~)
 *         Author:  KEWELL <EMBLINUXEDU@163.COM>
 *      ChangeLog:  1, Release initial version on "01/09/2017 08:39:32 AM"
 *                 
 * This program is free software; you can redistribute it and/or modify
 * it under the terms of the GNU General Public License version 2 as
 * published by the Free Software Foundation.
 *
 ********************************************************************************/
ot 3531.2017.HISI_3531.NVR 3531.NVR (Jan 07 2017 - 15:30:28)

NAND:  Special Nand id table Version 1.35
Nand ID: 0xAD 0xF1 0x00 0x1D 0xAD 0xF1 0x00 0x1D
Nand(Hardware): Block:128KB Page:2KB Chip:128MB*1 OOB:64B ECC:1bit 
128 MiB
*** Warning - bad CRC or NAND, using default environment

In:    serial
Out:   serial
Err:   serial
Hit any key to stop autoboot:  0 
hisilicon # 
hisilicon # ver

U-Boot 3531.2017.HISI_3531.NVR 3531.NVR (Jan 07 2017 - 15:30:28)
hisilicon # 
hisilicon # pri
bootargs=mem=64M console=ttyAMA0,115200 root=/dev/mtdblock5 rootfstype=yaffs2 mtdparts=hinand:768K(boot),256K(ENV),1M(UNUSED),12M(kernel),2M(logo),112M(rootfs)
bootcmd=nand read 0x82000000 0x200000 0x200000;bootm 0x82000000
bootdelay=1
baudrate=115200
ethaddr=00:00:47:3d:4a:69
ipaddr=192.168.200.111
serverip=192.168.200.138
netmask=255.255.255.0
platform=.3531
stdin=serial
stdout=serial
stderr=serial
verify=n
ver=U-Boot 3531.2017.HISI_3531.NVR 3531.NVR (Jan 07 2017 - 15:30:28)

Environment size: 482/262140 bytes
hisilicon # 
hisilicon # update uboot
cur nand index = 0
No such device: 0:2
No such device: 0:2
MAC:   00-00-47-3D-4A-69
TFTP from server 192.168.200.138; our IP address is 192.168.200.111
Download Filename 'u-boot.bin.3531'.
Download to address: 0x82000000
Downloading: #################################################
done
Bytes transferred = 164596 (282f4 hex)

NAND erase: device 0 offset 0x0, size 0x200000
Erasing at 0x1e0000 -- 100% complete.
OK

NAND write: device 0 offset 0x0, size 0x100000
pure data length is 1048576, len_incl_bad is 1048576
 1048576 bytes written: OK

NAND read: device 0 offset 0x0, size 0x100000
 1048576 bytes read: OK
Total of 1048576 bytes were the same
hisilicon # 
hisilicon # 
hisilicon # update kernel
cur nand index = 0
miiphy_register: non unique device name '0:1'
No such device: 0:2
No such device: 0:2
MAC:   00-00-47-3D-4A-69
TFTP from server 192.168.200.138; our IP address is 192.168.200.111
Download Filename 'uImage.3531'.
Download to address: 0x82000000
Downloading: #################################################
done
Bytes transferred = 1698564 (19eb04 hex)

NAND erase: device 0 offset 0x200000, size 0x500000
Erasing at 0x6e0000 -- 100% complete.
OK

NAND write: device 0 offset 0x200000, size 0x500000
pure data length is 5242880, len_incl_bad is 5242880
 5242880 bytes written: OK
start verify data...

NAND read: device 0 offset 0x200000, size 0x500000
 5242880 bytes read: OK
Total of 5242880 bytes were the same
hisilicon # 
hisilicon # 
hisilicon # update fs
cur nand index = 0
miiphy_register: non unique device name '0:1'
No such device: 0:2
No such device: 0:2
MAC:   00-00-47-3D-4A-69
TFTP from server 192.168.200.138; our IP address is 192.168.200.111
Download Filename 'rootfs.yaffs2.3531'.
Download to address: 0x82000000
Downloading: #################################################
done
Bytes transferred = 3531264 (35e200 hex)

NAND erase: device 0 offset 0x1000000, size 0x7000000
Erasing at 0x7fe0000 -- 100% complete.
OK
size = 35e200 off = 1000000 addr = 0
pure data length is 3424256, len_incl_bad is 3538944

hisilicon # 
hisilicon # reset
resetting ...
                         


U-Boot 3531.2017.HISI_3531.NVR 3531.NVR (Jan 07 2017 - 15:30:28)

NAND:  Special Nand id table Version 1.35
Nand ID: 0xAD 0xF1 0x00 0x1D 0xAD 0xF1 0x00 0x1D
Nand(Hardware): Block:128KB Page:2KB Chip:128MB*1 OOB:64B ECC:1bit 
128 MiB
*** Warning - bad CRC or NAND, using default environment

In:    serial
Out:   serial
Err:   serial
Hit any key to stop autoboot:  0 

NAND read: device 0 offset 0x200000, size 0x200000
 2097152 bytes read: OK
## Booting kernel from Legacy Image at 82000000 ...
   Image Name:   Linux-3.0.8
   Image Type:   ARM Linux Kernel Image (uncompressed)
   Data Size:    1698500 Bytes = 1.6 MiB
   Load Address: 80008000
   Entry Point:  80008000
   Loading Kernel Image ... OK
OK

Starting kernel ...

Uncompressing Linux... done, booting the kernel.
[    0.000000] Linux version 3.0.8 (root@localhost.localdomain) (gcc version 4.4.1 (Hisilicon_v100(gcc4.4-290+uclibc_0.9.30.2+eabi+linuxpthread)) ) #Hi3531_1.0.A.0_SVN_2199 SMP Sat Jan 7 17:22:03 CST 2017
[    0.000000] CPU: ARMv7 Processor [413fc090] revision 0 (ARMv7), cr=10c53c7f
[    0.000000] CPU: VIPT nonaliasing data cache, VIPT aliasing instruction cache
[    0.000000] Machine: godnet
[    0.000000] Memory policy: ECC disabled, Data cache writealloc
[    0.000000] PERCPU: Embedded 7 pages/cpu @c03f9000 s4160 r8192 d16320 u32768
[    0.000000] Built 1 zonelists in Zone order, mobility grouping on.  Total pages: 16256
[    0.000000] Kernel command line: mem=64M console=ttyAMA0,115200 root=/dev/mtdblock5 rootfstype=yaffs2 mtdparts=hinand:768K(boot),256K(ENV),1M(UNUSED),12M(kernel),2M(logo),112M(rootfs) ECP=0
[    0.000000] PID hash table entries: 256 (order: -2, 1024 bytes)
[    0.000000] Dentry cache hash table entries: 8192 (order: 3, 32768 bytes)
[    0.000000] Inode-cache hash table entries: 4096 (order: 2, 16384 bytes)
[    0.000000] Memory: 64MB = 64MB total
[    0.000000] Memory: 61352k/61352k available, 4184k reserved, 0K highmem
[    0.000000] Virtual kernel memory layout:
[    0.000000]     vector  : 0xffff0000 - 0xffff1000   (   4 kB)
[    0.000000]     fixmap  : 0xfff00000 - 0xfffe0000   ( 896 kB)
[    0.000000]     DMA     : 0xffc00000 - 0xffe00000   (   2 MB)
[    0.000000]     vmalloc : 0xc4800000 - 0xfe000000   ( 920 MB)
[    0.000000]     lowmem  : 0xc0000000 - 0xc4000000   (  64 MB)
[    0.000000]     modules : 0xbf000000 - 0xc0000000   (  16 MB)
[    0.000000]       .init : 0xc0008000 - 0xc0028000   ( 128 kB)
[    0.000000]       .text : 0xc0028000 - 0xc0303000   (2924 kB)
[    0.000000]       .data : 0xc0304000 - 0xc031be40   (  96 kB)
[    0.000000]        .bss : 0xc031be64 - 0xc0375910   ( 359 kB)
[    0.000000] SLUB: Genslabs=13, HWalign=32, Order=0-3, MinObjects=0, CPUs=2, Nodes=1
[    0.000000] Hierarchical RCU implementation.
[    0.000000] NR_IRQS:128 nr_irqs:128 128
[    0.000000] sched_clock: 32 bits at 155MHz, resolution 6ns, wraps every 27709ms
[    0.000000] Console: colour dummy device 80x30
[    0.000097] Calibrating delay loop... 1849.75 BogoMIPS (lpj=9248768)
[    0.060043] pid_max: default: 32768 minimum: 301
[    0.060172] Mount-cache hash table entries: 512
[    0.060589] CPU: Testing write buffer coherency: ok
[    0.061383] CPU1: Booted secondary processor
[    0.120808] Brought up 2 CPUs
[    0.120821] SMP: Total of 2 processors activated (3706.06 BogoMIPS).
[    0.123073] NET: Registered protocol family 16
[    0.124635] Serial: AMBA PL011 UART driver
[    0.124713] uart:0: ttyAMA0 at MMIO 0x20080000 (irq = 40) is a PL011 rev2
[    0.364607] console [ttyAMA0] enabled
[    0.368497] uart:1: ttyAMA1 at MMIO 0x20090000 (irq = 41) is a PL011 rev2
[    0.375526] uart:2: ttyAMA2 at MMIO 0x200a0000 (irq = 42) is a PL011 rev2
[    0.382561] uart:3: ttyAMA3 at MMIO 0x200b0000 (irq = 43) is a PL011 rev2
[    0.402010] bio: create slab <bio-0> at 0
[    0.407483] usbcore: registered new interface driver usbfs
[    0.413346] usbcore: registered new interface driver hub
[    0.418879] usbcore: registered new device driver usb
[    0.425559] Switching to clocksource timer1
[    0.444954] NET: Registered protocol family 2
[    0.449396] IP route cache hash table entries: 1024 (order: 0, 4096 bytes)
[    0.456482] TCP established hash table entries: 2048 (order: 2, 16384 bytes)
[    0.463584] TCP bind hash table entries: 2048 (order: 2, 16384 bytes)
[    0.470045] TCP: Hash tables configured (established 2048 bind 2048)
[    0.476406] TCP reno registered
[    0.479549] UDP hash table entries: 128 (order: 0, 4096 bytes)
[    0.485412] UDP-Lite hash table entries: 128 (order: 0, 4096 bytes)
[    0.492496] L2cache cache controller enabled
[    0.506144] VFS: Disk quotas dquot_6.5.2
[    0.510292] Dquot-cache hash table entries: 1024 (order 0, 4096 bytes)
[    0.516951] msgmni has been set to 119
[    0.521021] Block layer SCSI generic (bsg) driver version 0.4 loaded (major 254)
[    0.528414] io scheduler noop registered
[    0.532369] io scheduler deadline registered (default)
[    0.537550] io scheduler cfq registered
[    0.546674] brd: module loaded
[    0.552356] loop: module loaded
[    0.556004] Special nand id table Version 1.35
[    0.560442] Hisilicon Nand Flash Controller V301 Device Driver, Version 1.10
[    0.568433] Nand ID: 0xAD 0xF1 0x00 0x1D 0xAD 0xF1 0x00 0x1D
[    0.574421] Nand(Hardware): Block:128KB Page:2KB Chip:128MB OOB:64B ECC:1bit 
[    0.581581] NAND device: Manufacturer ID: 0xad, Chip ID: 0xf1 (Hynix NAND 128MiB 3,3V 8-bit)
[    0.590187] 6 cmdlinepart partitions found on MTD device hinand
[    0.596109] Creating 6 MTD partitions on "hinand":
[    0.600903] 0x000000000000-0x0000000c0000 : "boot"
[    0.607525] 0x0000000c0000-0x000000100000 : "ENV"
[    0.613335] 0x000000100000-0x000000200000 : "UNUSED"
[    0.620420] 0x000000200000-0x000000e00000 : "kernel"
[    0.643417] 0x000000e00000-0x000001000000 : "logo"
[    0.651778] 0x000001000000-0x000008000000 : "rootfs"
[    0.821615] Fixed MDIO Bus: probed
[    0.825342] STMMAC driver:
[    0.825346]  platform registration... 
[    0.831626]  done!
[    0.833804] Set system config register 0x200300ec with value 0x003f003f
[    0.840408]  done!
[    0.842452]  DWMAC1000 - user ID: 0x10, Synopsys ID: 0x36
[    0.847842]  Enhanced descriptor structure
[    0.851940] MACADDR in get is 0:0:0:0:0:0
[    0.856398]  eth0 - (dev. name: stmmaceth - id: 0, IRQ #119
[    0.856403]  IO base addr: 0xc4940000)
[    0.869187] STMMAC MII Bus: probed
[    0.872606] eth0: PHY ID 001cc915 at 0 IRQ 0 (1:00)
[    0.877480] eth0: PHY ID 001cc915 at 1 IRQ -6 (1:01) active
[    0.883055] eth0: PHY ID 001cc915 at 2 IRQ 0 (1:02)
[    0.887944]  DWMAC1000 - user ID: 0x10, Synopsys ID: 0x36
[    0.893341]  Enhanced descriptor structure
[    0.897431] MACADDR in get is 0:0:0:0:0:0
[    0.901438]  no valid MAC address for MAC 1;please, use ifconfig or nwhwconfig!
[    0.909199]  eth1 - (dev. name: stmmaceth - id: 0, IRQ #119
[    0.909205]  IO base addr: 0xc4944000)
[    0.918533] eth1: PHY ID 001cc915 at 0 IRQ 0 (1:00)
[    0.923412] eth1: PHY ID 001cc915 at 1 IRQ -6 (1:01)
[    0.928370] eth1: PHY ID 001cc915 at 2 IRQ 0 (1:02) active
[    0.934155] stmmac_reset: RESET COMPLETE!
[    0.938156] 
[    0.938158] **************************************************
[    0.945465] *  TNK driver built on Jan  7 2017 at 17:23:46
[    0.950955] *  TNK driver mode is BYPASS
[    0.954869] **************************************************
[    0.960693] stmmac: Rx Checksum Offload Engine supported
[    0.967557] stmmac: Rx Checksum Offload Engine supported
[    0.974747] ehci_hcd: USB 2.0 'Enhanced' Host Controller (EHCI) Driver
[    0.981535] hiusb-ehci hiusb-ehci.0: HIUSB EHCI
[    0.986135] hiusb-ehci hiusb-ehci.0: new USB bus registered, assigned bus number 1
[    0.993876] hiusb-ehci hiusb-ehci.0: irq 63, io mem 0x100b0000
[    1.010744] hiusb-ehci hiusb-ehci.0: USB 0.0 started, EHCI 1.00
[    1.017140] hub 1-0:1.0: USB hub found
[    1.020914] hub 1-0:1.0: 2 ports detected
[    1.025234] ohci_hcd: USB 1.1 'Open' Host Controller (OHCI) Driver
[    1.031572] hiusb-ohci hiusb-ohci.0: HIUSB OHCI
[    1.036121] hiusb-ohci hiusb-ohci.0: new USB bus registered, assigned bus number 2
[    1.043720] hiusb-ohci hiusb-ohci.0: irq 64, io mem 0x100a0000
[    1.105183] hub 2-0:1.0: USB hub found
[    1.108935] hub 2-0:1.0: 2 ports detected
[    1.113485] mousedev: PS/2 mouse device common for all mice
[    1.119510] TCP cubic registered
[    1.122756] VFP support v0.3: implementor 41 architecture 3 part 30 variant 9 rev 4
[    1.130829] registered taskstats version 1
[    1.135304] yaffs: dev is 32505861 name is "mtdblock5" rw
[    1.140696] yaffs: passed flags ""
[    2.058127] VFS: Mounted root (yaffs2 filesystem) on device 31:5.
[    2.064297] Freeing init memory: 128K
[    5.280745] GPIO driver init OK
[    5.292616] MACADDR in set is 0:0:47:3d:4a:69
Auto login as root ...
Jan  1 08:00:05 login[1036]: root login on 'ttyS0'
HELLO 2017
# 
# uname  -a
Linux (none) 3.0.8 #Hi3531_1.0.A.0_SVN_2199 SMP Sat Jan 7 17:22:03 CST 2017 armv7l GNU/Linux
# 
# cat /proc/cmdline 
mem=64M console=ttyAMA0,115200 root=/dev/mtdblock5 rootfstype=yaffs2 mtdparts=hinand:768K(boot),256K(ENV),1M(UNUSED),12M(kernel),2M(logo),112M(rootfs) ECP=0
#          
# ifconfig 
eth0      Link encap:Ethernet  HWaddr 00:00:47:3D:4A:69  
          inet addr:192.168.200.200  Bcast:192.168.200.255  Mask:255.255.255.0
          UP BROADCAST RUNNING MULTICAST  MTU:1500  Metric:1
          RX packets:3248 errors:0 dropped:63 overruns:0 frame:0
          TX packets:0 errors:0 dropped:0 overruns:0 carrier:0
          collisions:0 txqueuelen:1000 
          RX bytes:204894 (200.0 KiB)  TX bytes:0 (0.0 B)
          Interrupt:119 

# 
# ping 192.168.200.138
PING 192.168.200.138 (192.168.200.138): 56 data bytes
64 bytes from 192.168.200.138: seq=0 ttl=64 time=8.133 ms
64 bytes from 192.168.200.138: seq=1 ttl=64 time=0.201 ms
64 bytes from 192.168.200.138: seq=2 ttl=64 time=0.187 ms
64 bytes from 192.168.200.138: seq=3 ttl=64 time=0.187 ms

--- 192.168.200.138 ping statistics ---
4 packets transmitted, 4 packets received, 0% packet loss
round-trip min/avg/max = 0.187/2.177/8.133 ms
# 
# df -h
Filesystem                Size      Used Available Use% Mounted on
/dev/root               112.0M      4.4M    107.6M   4% /
tmpfs                    30.0M         0     30.0M   0% /dev
# 
# ps
  PID USER       VSZ STAT COMMAND
    1 root      1716 S    init
    2 root         0 SW   [kthreadd]
    3 root         0 SW   [ksoftirqd/0]
    4 root         0 SW   [kworker/0:0]
    5 root         0 SW   [kworker/u:0]
    6 root         0 SW   [migration/0]
    7 root         0 SW   [migration/1]
    8 root         0 SW   [kworker/1:0]
    9 root         0 SW   [ksoftirqd/1]
   10 root         0 SW<  [khelper]
   11 root         0 SW   [kworker/u:1]
  105 root         0 SW   [sync_supers]
  107 root         0 SW   [bdi-default]
  108 root         0 SW<  [kintegrityd]
  110 root         0 SW<  [kblockd]
  120 root         0 SW   [khubd]
  213 root         0 SW   [kswapd0]
  266 root         0 SW   [fsnotify_mark]
  328 root         0 SW   [mtdblock0]
  333 root         0 SW   [mtdblock1]
  338 root         0 SW   [mtdblock2]
  343 root         0 SW   [mtdblock3]
  348 root         0 SW   [mtdblock4]
  353 root         0 SW   [mtdblock5]
  356 root         0 SW   [romblock0]
  359 root         0 SW   [romblock1]
  362 root         0 SW   [romblock2]
  365 root         0 SW   [romblock3]
  368 root         0 SW   [romblock4]
  371 root         0 SW   [romblock5]
  409 root         0 SW<  [kpsmoused]
  410 root         0 SW   [kworker/0:1]
  416 root         0 SW   [yaffs-bg-1]
  425 root         0 SW   [kworker/1:1]
 1028 root      1700 S    /usr/sbin/telnetd
 1036 root      1728 S    -sh
 1041 root         0 SW   [flush-31:5]
 1048 root      1704 R    ps
# 
# echo Default PASSWD is
Default PASSWD is
# 
# 


